2026-01-30 11:11:16,878 [1] INFO System.Windows.Forms.Form - OnDragEnter CRC
2026-01-30 11:11:18,406 [1] INFO System.Windows.Forms.Form - Folder to clean:N:\3D Figures\Marvel\E.S Monster - Invisible Woman
2026-01-30 11:11:18,950 [1] INFO System.Windows.Forms.Form - Step 1:0
2026-01-30 11:11:18,951 [1] INFO System.Windows.Forms.Form - Step 2:10
2026-01-30 11:11:18,951 [1] INFO System.Windows.Forms.Form - Step 3:10
2026-01-30 11:11:18,952 [1] INFO System.Windows.Forms.Form - Step 4:10
2026-01-30 11:11:18,978 [1] INFO System.Windows.Forms.Form - Step 1:10
2026-01-30 11:11:18,978 [1] INFO System.Windows.Forms.Form - Step 2:20
2026-01-30 11:11:18,979 [1] INFO System.Windows.Forms.Form - Step 3:20
2026-01-30 11:11:18,979 [1] INFO System.Windows.Forms.Form - Step 4:20
2026-01-30 11:11:18,987 [1] INFO System.Windows.Forms.Form - Step 1:20
2026-01-30 11:11:18,987 [1] INFO System.Windows.Forms.Form - Step 2:30
2026-01-30 11:11:18,987 [1] INFO System.Windows.Forms.Form - Step 3:30
2026-01-30 11:11:18,987 [1] INFO System.Windows.Forms.Form - Step 4:30
2026-01-30 11:11:18,994 [1] INFO System.Windows.Forms.Form - Step 1:30
2026-01-30 11:11:18,994 [1] INFO System.Windows.Forms.Form - Step 2:40
2026-01-30 11:11:18,994 [1] INFO System.Windows.Forms.Form - Step 3:40
2026-01-30 11:11:18,995 [1] INFO System.Windows.Forms.Form - Step 4:40
2026-01-30 11:11:19,002 [1] INFO System.Windows.Forms.Form - Step 1:40
2026-01-30 11:11:19,002 [1] INFO System.Windows.Forms.Form - Step 2:50
2026-01-30 11:11:19,002 [1] INFO System.Windows.Forms.Form - Step 3:50
2026-01-30 11:11:19,003 [1] INFO System.Windows.Forms.Form - Step 4:50
2026-01-30 11:11:19,056 [1] INFO System.Windows.Forms.Form - Step 1:50
2026-01-30 11:11:19,056 [1] INFO System.Windows.Forms.Form - Step 2:60
2026-01-30 11:11:19,056 [1] INFO System.Windows.Forms.Form - Step 3:60
2026-01-30 11:11:19,057 [1] INFO System.Windows.Forms.Form - Step 4:60
2026-01-30 11:11:19,172 [1] INFO System.Windows.Forms.Form - Step 1:60
2026-01-30 11:11:19,172 [1] INFO System.Windows.Forms.Form - Step 2:70
2026-01-30 11:11:19,172 [1] INFO System.Windows.Forms.Form - Step 3:70
2026-01-30 11:11:19,173 [1] INFO System.Windows.Forms.Form - Step 4:70
2026-01-30 11:11:19,290 [1] INFO System.Windows.Forms.Form - Step 1:70
2026-01-30 11:11:19,290 [1] INFO System.Windows.Forms.Form - Step 2:80
2026-01-30 11:11:19,290 [1] INFO System.Windows.Forms.Form - Step 3:80
2026-01-30 11:11:19,290 [1] INFO System.Windows.Forms.Form - Step 4:80
2026-01-30 11:11:19,416 [1] INFO System.Windows.Forms.Form - Step 1:80
2026-01-30 11:11:19,418 [1] INFO System.Windows.Forms.Form - Step 2:90
2026-01-30 11:11:19,418 [1] INFO System.Windows.Forms.Form - Step 3:90
2026-01-30 11:11:19,418 [1] INFO System.Windows.Forms.Form - Step 4:90
2026-01-30 11:11:19,572 [1] INFO System.Windows.Forms.Form - Step 1:90
2026-01-30 11:11:19,572 [1] INFO System.Windows.Forms.Form - Step 2:100
2026-01-30 11:11:19,572 [1] INFO System.Windows.Forms.Form - Step 3:0
2026-01-30 11:11:19,574 [1] INFO System.Windows.Forms.Form - Step 4:0
2026-01-30 11:11:19,707 [1] INFO System.Windows.Forms.Form - Step 1:0
2026-01-30 11:11:19,707 [1] INFO System.Windows.Forms.Form - Step 2:10
2026-01-30 11:11:19,708 [1] INFO System.Windows.Forms.Form - Step 3:10
2026-01-30 11:11:19,708 [1] INFO System.Windows.Forms.Form - Step 4:10
2026-01-30 11:11:19,804 [1] INFO System.Windows.Forms.Form - Step 1:10
2026-01-30 11:11:19,804 [1] INFO System.Windows.Forms.Form - Step 2:20
2026-01-30 11:11:19,804 [1] INFO System.Windows.Forms.Form - Step 3:20
2026-01-30 11:11:19,804 [1] INFO System.Windows.Forms.Form - Step 4:20
2026-01-30 11:11:19,853 [1] INFO System.Windows.Forms.Form - Step 1:20
2026-01-30 11:11:19,854 [1] INFO System.Windows.Forms.Form - Step 2:30
2026-01-30 11:11:19,854 [1] INFO System.Windows.Forms.Form - Step 3:30
2026-01-30 11:11:19,854 [1] INFO System.Windows.Forms.Form - Step 4:30
2026-01-30 11:11:19,908 [1] INFO System.Windows.Forms.Form - Step 1:30
2026-01-30 11:11:19,908 [1] INFO System.Windows.Forms.Form - Step 2:40
2026-01-30 11:11:19,908 [1] INFO System.Windows.Forms.Form - Step 3:40
2026-01-30 11:11:19,908 [1] INFO System.Windows.Forms.Form - Step 4:40
2026-01-30 11:11:20,022 [1] INFO System.Windows.Forms.Form - Step 1:40
2026-01-30 11:11:20,022 [1] INFO System.Windows.Forms.Form - Step 2:50
2026-01-30 11:11:20,022 [1] INFO System.Windows.Forms.Form - Step 3:50
2026-01-30 11:11:20,022 [1] INFO System.Windows.Forms.Form - Step 4:50
2026-01-30 11:11:20,029 [1] INFO System.Windows.Forms.Form - Step 1:50
2026-01-30 11:11:20,030 [1] INFO System.Windows.Forms.Form - Step 2:60
2026-01-30 11:11:20,030 [1] INFO System.Windows.Forms.Form - Step 3:60
2026-01-30 11:11:20,030 [1] INFO System.Windows.Forms.Form - Step 4:60
2026-01-30 11:11:20,038 [1] INFO System.Windows.Forms.Form - Step 1:60
2026-01-30 11:11:20,038 [1] INFO System.Windows.Forms.Form - Step 2:70
2026-01-30 11:11:20,038 [1] INFO System.Windows.Forms.Form - Step 3:70
2026-01-30 11:11:20,038 [1] INFO System.Windows.Forms.Form - Step 4:70
2026-01-30 11:11:20,046 [1] INFO System.Windows.Forms.Form - Step 1:70
2026-01-30 11:11:20,046 [1] INFO System.Windows.Forms.Form - Step 2:80
2026-01-30 11:11:20,047 [1] INFO System.Windows.Forms.Form - Step 3:80
2026-01-30 11:11:20,047 [1] INFO System.Windows.Forms.Form - Step 4:80
2026-01-30 11:11:20,052 [1] INFO System.Windows.Forms.Form - Step 1:80
2026-01-30 11:11:20,052 [1] INFO System.Windows.Forms.Form - Step 2:90
2026-01-30 11:11:20,053 [1] INFO System.Windows.Forms.Form - Step 3:90
2026-01-30 11:11:20,053 [1] INFO System.Windows.Forms.Form - Step 4:90
2026-01-30 11:11:20,091 [1] INFO System.Windows.Forms.Form - Step 1:90
2026-01-30 11:11:20,091 [1] INFO System.Windows.Forms.Form - Step 2:100
2026-01-30 11:11:20,091 [1] INFO System.Windows.Forms.Form - Step 3:0
2026-01-30 11:11:20,092 [1] INFO System.Windows.Forms.Form - Step 4:0
2026-01-30 11:11:20,253 [1] INFO System.Windows.Forms.Form - Step 1:0
2026-01-30 11:11:20,254 [1] INFO System.Windows.Forms.Form - Step 2:10
2026-01-30 11:11:20,254 [1] INFO System.Windows.Forms.Form - Step 3:10
2026-01-30 11:11:20,254 [1] INFO System.Windows.Forms.Form - Step 4:10
2026-01-30 11:11:21,575 [1] INFO System.Windows.Forms.Form - Step 1:10
2026-01-30 11:11:21,576 [1] INFO System.Windows.Forms.Form - Step 2:20
2026-01-30 11:11:21,576 [1] INFO System.Windows.Forms.Form - Step 3:20
2026-01-30 11:11:21,577 [1] INFO System.Windows.Forms.Form - Step 4:20
2026-01-30 11:11:23,018 [1] INFO System.Windows.Forms.Form - Step 1:20
2026-01-30 11:11:23,018 [1] INFO System.Windows.Forms.Form - Step 2:30
2026-01-30 11:11:23,019 [1] INFO System.Windows.Forms.Form - Step 3:30
2026-01-30 11:11:23,020 [1] INFO System.Windows.Forms.Form - Step 4:30
2026-01-30 11:11:23,181 [1] INFO System.Windows.Forms.Form - Step 1:30
2026-01-30 11:11:23,181 [1] INFO System.Windows.Forms.Form - Step 2:40
2026-01-30 11:11:23,181 [1] INFO System.Windows.Forms.Form - Step 3:40
2026-01-30 11:11:23,182 [1] INFO System.Windows.Forms.Form - Step 4:40
2026-01-30 11:11:23,284 [1] INFO System.Windows.Forms.Form - Step 1:40
2026-01-30 11:11:23,284 [1] INFO System.Windows.Forms.Form - Step 2:50
2026-01-30 11:11:23,284 [1] INFO System.Windows.Forms.Form - Step 3:50
2026-01-30 11:11:23,284 [1] INFO System.Windows.Forms.Form - Step 4:50
2026-01-30 11:11:23,330 [1] INFO System.Windows.Forms.Form - Step 1:50
2026-01-30 11:11:23,330 [1] INFO System.Windows.Forms.Form - Step 2:60
2026-01-30 11:11:23,330 [1] INFO System.Windows.Forms.Form - Step 3:60
2026-01-30 11:11:23,331 [1] INFO System.Windows.Forms.Form - Step 4:60
2026-01-30 11:11:23,496 [1] INFO System.Windows.Forms.Form - Step 1:60
2026-01-30 11:11:23,496 [1] INFO System.Windows.Forms.Form - Step 2:70
2026-01-30 11:11:23,497 [1] INFO System.Windows.Forms.Form - Step 3:70
2026-01-30 11:11:23,497 [1] INFO System.Windows.Forms.Form - Step 4:70
2026-01-30 11:11:23,546 [1] INFO System.Windows.Forms.Form - Step 1:70
2026-01-30 11:11:23,546 [1] INFO System.Windows.Forms.Form - Step 2:80
2026-01-30 11:11:23,546 [1] INFO System.Windows.Forms.Form - Step 3:80
2026-01-30 11:11:23,546 [1] INFO System.Windows.Forms.Form - Step 4:80
2026-01-30 11:11:23,600 [1] INFO System.Windows.Forms.Form - Step 1:80
2026-01-30 11:11:23,600 [1] INFO System.Windows.Forms.Form - Step 2:90
2026-01-30 11:11:23,600 [1] INFO System.Windows.Forms.Form - Step 3:90
2026-01-30 11:11:23,600 [1] INFO System.Windows.Forms.Form - Step 4:90
2026-01-30 11:12:32,463 [1] INFO System.Windows.Forms.Form - OnDragEnter CRC
2026-01-30 11:12:34,650 [1] INFO System.Windows.Forms.Form - Folder to clean:N:\3D Figures\Marvel\Abe3D - Emma Frost White Queen
2026-01-30 11:14:17,985 [1] INFO System.Windows.Forms.Form - OnDragEnter Form
2026-01-30 11:14:18,061 [1] INFO System.Windows.Forms.Form - OnDragEnter CRC
2026-01-30 11:14:19,881 [1] INFO System.Windows.Forms.Form - Folder to clean:N:\3D Figures\Marvel\Abe3D Black Widow (New Version)
2026-03-15 18:06:45,998 [1] INFO System.Windows.Forms.Form - OnDragEnter Form
2026-03-15 18:06:46,084 [1] INFO System.Windows.Forms.Form - OnDragEnter Panel3
2026-03-15 18:06:46,293 [1] INFO System.Windows.Forms.Form - OnDragEnter Form
2026-03-15 18:06:46,372 [1] INFO System.Windows.Forms.Form - OnDragEnter Panel4
2026-03-15 18:06:48,559 [1] INFO System.Windows.Forms.Form - Folder to renumering files:E:\Downloads\sanet.st-Master_Deno_React_Mongo_Nginx_Running_With_Dockercompose\Master Deno React Mongo Nginx Running With Dockercompose
2026-03-15 18:07:39,179 [1] INFO System.Windows.Forms.Form - OnDragEnter Panel4
2026-03-15 18:07:41,136 [1] INFO System.Windows.Forms.Form - Folder to renumering files:E:\Downloads\sanet.st-Master_Deno_React_Mongo_Nginx_Running_With_Dockercompose\Master Deno React Mongo Nginx Running With Dockercompose
2026-03-15 18:09:16,169 [1] INFO System.Windows.Forms.Form - OnDragEnter Form
2026-03-15 18:09:16,217 [1] INFO System.Windows.Forms.Form - OnDragEnter Panel3
2026-03-15 18:09:16,224 [1] INFO System.Windows.Forms.Form - OnDragEnter Form
2026-03-15 18:09:16,279 [1] INFO System.Windows.Forms.Form - OnDragEnter Panel4
2026-03-15 18:09:17,791 [1] INFO System.Windows.Forms.Form - Folder to renumering files:E:\Downloads\sanet.st-Master_Deno_React_Mongo_Nginx_Running_With_Dockercompose\Master Deno React Mongo Nginx Running With Dockercompose
2026-03-16 10:56:26,671 [1] INFO System.Windows.Forms.Form - OnDragEnter Form
2026-03-16 10:56:26,702 [1] INFO System.Windows.Forms.Form - OnDragEnter Panel1
2026-03-16 10:56:28,223 [1] INFO System.Windows.Forms.Form - Clean Filename:E:\Downloads\sanet.st.lsrthdstnc\sanet.st.lsrthdstnc
2026-03-16 11:08:33,121 [1] INFO System.Windows.Forms.Form - OnDragEnter Form
2026-03-16 11:08:33,198 [1] INFO System.Windows.Forms.Form - OnDragEnter Panel1
2026-03-16 11:08:34,983 [1] INFO System.Windows.Forms.Form - Clean Filename:E:\Downloads\sanet.st.lsrthdstnc
2026-03-16 11:09:54,347 [1] INFO System.Windows.Forms.Form - OnDragEnter Form
2026-03-16 11:09:54,455 [1] INFO System.Windows.Forms.Form - OnDragEnter Panel1
2026-03-16 11:09:56,064 [1] INFO System.Windows.Forms.Form - Clean Filename:E:\Downloads\Arco..2025..2160p.4K.WEB.5.1-WORLD.SANET
2026-03-16 11:18:30,605 [1] INFO System.Windows.Forms.Form - OnDragEnter Panel1
2026-03-16 11:18:32,182 [1] INFO System.Windows.Forms.Form - Clean Filename:E:\Downloads\Arco..2025..2160p.4K.WEB.5.1-WORLD
2026-03-16 11:18:34,907 [1] INFO System.Windows.Forms.Form - OnDragEnter Form
2026-03-16 11:18:35,075 [1] INFO System.Windows.Forms.Form - OnDragEnter Panel2
2026-03-16 11:18:38,626 [1] INFO System.Windows.Forms.Form - OnDragEnter Panel3
2026-03-16 11:18:40,150 [1] INFO System.Windows.Forms.Form - File to Add Music extension:E:\Downloads\Arco..2025..2160p.4K.WEB.5.1-WORLD
2026-03-16 11:18:42,046 [1] INFO System.Windows.Forms.Form - OnDragEnter Form
2026-03-16 11:18:42,155 [1] INFO System.Windows.Forms.Form - OnDragEnter Panel4
2026-03-16 11:18:44,032 [1] INFO System.Windows.Forms.Form - Folder to renumering files:E:\Downloads\Arco..2025..2160p.4K.WEB.5.1-WORLD
2026-03-16 11:19:11,289 [1] INFO System.Windows.Forms.Form - OnDragEnter Form
2026-03-16 11:19:11,357 [1] INFO System.Windows.Forms.Form - OnDragEnter CRC
2026-03-16 11:19:12,857 [1] INFO System.Windows.Forms.Form - Folder to clean:E:\Downloads\Arco..2025..2160p.4K.WEB.5.1-WORLD
2026-03-16 11:20:24,645 [1] INFO System.Windows.Forms.Form - OnDragEnter Form
2026-03-16 11:20:24,656 [1] INFO System.Windows.Forms.Form - OnDragEnter Panel1
2026-03-16 11:20:26,270 [1] INFO System.Windows.Forms.Form - Clean Filename:E:\Downloads\sanet.st.fthsmbckms5
2026-03-16 11:20:31,590 [1] INFO System.Windows.Forms.Form - OnDragEnter Panel1
2026-03-16 11:20:33,055 [1] INFO System.Windows.Forms.Form - Clean Filename:E:\Downloads\fthsmbckms5\sanet.st.fthsmbckms5
2026-03-26 08:42:41,216 [1] INFO System.Windows.Forms.Form - OnDragEnter Form
2026-03-26 08:42:41,277 [1] INFO System.Windows.Forms.Form - OnDragEnter Panel3
2026-03-26 08:42:42,068 [1] INFO System.Windows.Forms.Form - OnDragEnter Form
2026-03-26 08:42:42,108 [1] INFO System.Windows.Forms.Form - OnDragEnter Panel4
2026-03-26 08:44:43,223 [1] INFO System.Windows.Forms.Form - Folder to renumering files:E:\Downloads\Tlameteotl - Star Wars  - No Hope\Tlameteotl - Star Wars  - No Hope
2026-03-26 08:46:54,707 [1] INFO System.Windows.Forms.Form - OnDragEnter Form
2026-03-26 08:46:54,852 [1] INFO System.Windows.Forms.Form - OnDragEnter Panel3
2026-03-26 08:46:55,149 [1] INFO System.Windows.Forms.Form - OnDragEnter Form
2026-03-26 08:46:55,203 [1] INFO System.Windows.Forms.Form - OnDragEnter Panel4
2026-03-26 08:47:06,457 [1] INFO System.Windows.Forms.Form - Folder to renumering files:E:\Downloads\Tlameteotl - Star Wars  - No Hope\Tlameteotl - Star Wars  - No Hope
2026-03-26 08:48:44,098 [1] INFO System.Windows.Forms.Form - OnDragEnter Form
2026-03-26 08:48:44,256 [1] INFO System.Windows.Forms.Form - OnDragEnter Panel3
2026-03-26 08:48:44,374 [1] INFO System.Windows.Forms.Form - OnDragEnter Form
2026-03-26 08:48:44,407 [1] INFO System.Windows.Forms.Form - OnDragEnter Panel4
2026-03-26 08:48:58,980 [1] INFO System.Windows.Forms.Form - Folder to renumering files:E:\Downloads\Tlameteotl - Star Wars  - No Hope\Tlameteotl - Star Wars  - No Hope
2026-03-26 08:52:08,706 [1] INFO System.Windows.Forms.Form - OnDragEnter Form
2026-03-26 08:52:08,889 [1] INFO System.Windows.Forms.Form - OnDragEnter Panel3
2026-03-26 08:52:08,971 [1] INFO System.Windows.Forms.Form - OnDragEnter Form
2026-03-26 08:52:09,026 [1] INFO System.Windows.Forms.Form - OnDragEnter Panel4
2026-03-26 08:52:24,668 [1] INFO System.Windows.Forms.Form - Folder to renumering files:E:\Downloads\Tlameteotl - Star Wars  - No Hope\Tlameteotl - Star Wars  - No Hope
2026-03-26 08:54:31,930 [1] INFO System.Windows.Forms.Form - OnDragEnter Form
2026-03-26 08:54:32,159 [1] INFO System.Windows.Forms.Form - OnDragEnter Panel3
2026-03-26 08:54:33,766 [1] INFO System.Windows.Forms.Form - File to Add Music extension:E:\Downloads\Tlameteotl - Star Wars  - No Hope\Tlameteotl - Star Wars  - No Hope
2026-03-26 08:54:40,665 [1] INFO System.Windows.Forms.Form - OnDragEnter Form
2026-03-26 08:54:40,707 [1] INFO System.Windows.Forms.Form - OnDragEnter Panel4
2026-03-26 08:54:50,097 [1] INFO System.Windows.Forms.Form - Folder to renumering files:E:\Downloads\Tlameteotl - Star Wars  - No Hope\Tlameteotl - Star Wars  - No Hope
2026-03-26 09:56:13,816 [1] INFO System.Windows.Forms.Form - OnDragEnter Form
2026-03-26 09:56:14,025 [1] INFO System.Windows.Forms.Form - OnDragEnter Panel1
2026-03-26 09:56:20,270 [1] INFO System.Windows.Forms.Form - Clean Filename:E:\Downloads\TabooHeat.26.03.12.Amiee.Cambridge.Violet.Voss.1080p.sanet
2026-03-26 09:57:46,836 [1] INFO System.Windows.Forms.Form - OnDragEnter Panel1
2026-03-26 09:57:46,941 [1] INFO System.Windows.Forms.Form - OnDragEnter Panel1
2026-03-26 09:57:54,036 [1] INFO System.Windows.Forms.Form - Clean Filename:E:\Downloads\TabooHeat.26.03.13.Cory.Chase.Violet.Voss.Amiee.Cambridge.1080p.sanet
2026-03-26 09:58:06,690 [1] INFO System.Windows.Forms.Form - Clean Filename:E:\Downloads\TabooHeat.26.03.19.Cory.Chase.Juniper.Ren.1080p.sanet
2026-03-26 09:58:12,840 [1] INFO System.Windows.Forms.Form - Clean Filename:E:\Downloads\TabooHeat.26.03.20.Cory.Chase.Juniper.Ren.1080p.sanet
2026-03-26 09:58:12,878 [1] INFO System.Windows.Forms.Form - Clean Filename:E:\Downloads\TabooHeat.26.03.23.Amiee.Cambridge.Lola.Valentine.1080p.sanet
2026-03-26 09:58:12,919 [1] INFO System.Windows.Forms.Form - Clean Filename:E:\Downloads\TabooHeat.26.03.24.Amiee.Cambridge.Lola.Valentine.1080p.sanet
2026-04-02 10:44:24,490 [1] INFO System.Windows.Forms.Form - OnDragEnter Panel1
2026-04-02 10:44:26,057 [1] INFO System.Windows.Forms.Form - Clean Filename:E:\Downloads\BrazzersExxtra.26.03.29.Andi.Avalon.And.Koda.Monroe.MILF.Meter.BlastOff.1080p.sanet
2026-04-02 10:44:53,929 [1] INFO System.Windows.Forms.Form - OnDragEnter Form
2026-04-02 10:44:53,983 [1] INFO System.Windows.Forms.Form - OnDragEnter Panel1
2026-04-02 10:44:55,508 [1] INFO System.Windows.Forms.Form - Clean Filename:E:\Downloads\sanet.st_bz_Andi_Koda_720p
2026-04-02 10:44:55,545 [1] INFO System.Windows.Forms.Form - Clean Filename:E:\Downloads\sanet.st_React_Native_Styling_Basics
2026-04-02 10:44:55,563 [1] INFO System.Windows.Forms.Form - Clean Filename:E:\Downloads\sanet.st_bz_Angel.Youngs_720p
2026-04-02 11:36:23,962 [1] INFO System.Windows.Forms.Form - OnDragEnter Form
2026-04-02 11:36:24,028 [1] INFO System.Windows.Forms.Form - OnDragEnter Panel2
2026-04-02 11:36:24,204 [1] INFO System.Windows.Forms.Form - OnDragEnter Form
2026-04-02 11:36:24,263 [1] INFO System.Windows.Forms.Form - OnDragEnter Panel3
2026-04-02 11:36:25,996 [1] INFO System.Windows.Forms.Form - File to Add Music extension:E:\Downloads\Queen - A Kind Of Magic (Deluxe Version) (2011) FLAC
2026-04-02 11:37:37,204 [1] INFO System.Windows.Forms.Form - OnDragEnter Form
2026-04-02 11:37:37,286 [1] INFO System.Windows.Forms.Form - OnDragEnter Panel2
2026-04-02 11:37:37,414 [1] INFO System.Windows.Forms.Form - OnDragEnter Form
2026-04-02 11:37:37,454 [1] INFO System.Windows.Forms.Form - OnDragEnter Panel3
2026-04-02 11:37:39,238 [1] INFO System.Windows.Forms.Form - File to Add Music extension:E:\Downloads\Queen - A Kind Of Magic (Deluxe Version) (2011) MP3
2026-04-02 11:38:06,602 [1] INFO System.Windows.Forms.Form - OnDragEnter Form
2026-04-02 11:38:06,670 [1] INFO System.Windows.Forms.Form - OnDragEnter Panel3
2026-04-02 11:38:07,486 [1] INFO System.Windows.Forms.Form - OnDragEnter Form
2026-04-02 11:38:07,510 [1] INFO System.Windows.Forms.Form - OnDragEnter Panel4
2026-04-02 11:38:07,855 [1] INFO System.Windows.Forms.Form - OnDragEnter Form
2026-04-02 11:38:07,895 [1] INFO System.Windows.Forms.Form - OnDragEnter Panel3
2026-04-02 11:38:09,506 [1] INFO System.Windows.Forms.Form - File to Add Music extension:E:\Downloads\Queen - A Kind Of Magic (Deluxe Version) (2011) MP3
2026-04-02 11:38:49,639 [1] INFO System.Windows.Forms.Form - OnDragEnter Form
2026-04-02 11:38:49,718 [1] INFO System.Windows.Forms.Form - OnDragEnter Panel4
2026-04-02 11:38:49,902 [1] INFO System.Windows.Forms.Form - OnDragEnter Form
2026-04-02 11:38:49,991 [1] INFO System.Windows.Forms.Form - OnDragEnter Panel3
2026-04-02 11:38:51,605 [1] INFO System.Windows.Forms.Form - File to Add Music extension:O:\Music\Artist\Queen\Queen - A Kind Of Magic (1991) 3''CD JAPAN Single FLAC
2026-04-02 11:46:42,613 [1] INFO System.Windows.Forms.Form - OnDragEnter Panel3
2026-04-02 11:46:42,846 [1] INFO System.Windows.Forms.Form - OnDragEnter Panel2
2026-04-02 11:46:43,046 [1] INFO System.Windows.Forms.Form - OnDragEnter Form
2026-04-02 11:46:43,071 [1] INFO System.Windows.Forms.Form - OnDragEnter Panel3
2026-04-02 11:46:44,699 [1] INFO System.Windows.Forms.Form - File to Add Music extension:O:\Music\Artist\Queen\Queen - A Kind Of Magic (Deluxe Version) (2011) [FLAC]
